// Jest Snapshot v1, https://goo.gl/fbAQLP

exports[`Watch renders 1`] = `
<div
  className="watch-grid"
>
  <Video
    className="video"
    id="J6G7uaNHH54"
  />
  <VideoMetadata
    className="metadata"
    viewcount="9999"
  />
  <VideoInfoBox />
  <Comments />
  <RelatedVideos
    className="related-videos"
  />
</div>
`;
